   Compiling proc-macro2 v1.0.107
   Compiling unicode-ident v1.0.24
   Compiling quote v1.0.47
   Compiling libc v0.2.189
   Compiling shlex v2.0.1
   Compiling find-msvc-tools v0.1.9
   Compiling cfg-if v1.0.4
   Compiling tree-sitter-language v0.1.7
   Compiling version_check v0.9.5
   Compiling typenum v1.20.1
   Compiling serde_core v1.0.229
   Compiling generic-array v0.14.7
   Compiling memchr v2.8.3
   Compiling serde v1.0.229
   Compiling autocfg v1.5.1
   Compiling subtle v2.6.1
   Compiling syn v2.0.119
   Compiling syn v3.0.3
   Compiling jobserver v0.1.35
   Compiling cc v1.2.67
   Compiling icu_normalizer_data v2.2.0
   Compiling icu_properties_data v2.2.0
   Compiling getrandom v0.2.17
   Compiling smallvec v1.15.2
   Compiling rand_core v0.6.4
   Compiling stable_deref_trait v1.2.1
   Compiling thiserror v2.0.19
   Compiling const-oid v0.9.6
   Compiling bitflags v2.13.1
   Compiling cpufeatures v0.2.17
   Compiling litemap v0.8.2
   Compiling writeable v0.6.3
   Compiling base64ct v1.8.3
   Compiling cfg_aliases v0.2.2
   Compiling utf8_iter v1.0.4
   Compiling pem-rfc7468 v0.7.0
   Compiling once_cell v1.21.4
   Compiling num-conv v0.2.2
   Compiling log v0.4.33
   Compiling time-core v0.1.9
   Compiling rand_core v0.10.1
   Compiling percent-encoding v2.3.2
   Compiling getrandom v0.4.3
   Compiling time-macros v0.2.32
   Compiling num-traits v0.2.19
   Compiling deranged v0.5.8
   Compiling powerfmt v0.2.0
   Compiling ring v0.17.14
   Compiling ff v0.13.1
   Compiling base16ct v0.2.0
   Compiling group v0.13.0
   Compiling synstructure v0.13.2
   Compiling serde_derive v1.0.229
   Compiling thiserror-impl v2.0.19
   Compiling time v0.3.55
   Compiling form_urlencoded v1.2.2
   Compiling zmij v1.0.23
   Compiling zeroize_derive v1.5.0
   Compiling zerofrom-derive v0.1.7
   Compiling yoke-derive v0.8.2
   Compiling zeroize v1.9.0
   Compiling displaydoc v0.2.6
   Compiling zerovec-derive v0.11.3
   Compiling zerofrom v0.1.8
   Compiling yoke v0.8.3
   Compiling crypto-common v0.1.7
   Compiling block-buffer v0.10.4
   Compiling zerotrie v0.2.4
   Compiling digest v0.10.7
   Compiling block-padding v0.3.3
   Compiling der v0.7.10
   Compiling inout v0.1.4
   Compiling zerovec v0.11.6
   Compiling cipher v0.4.4
   Compiling hmac v0.12.1
   Compiling universal-hash v0.5.1
   Compiling hkdf v0.12.4
   Compiling crypto-bigint v0.5.5
   Compiling opaque-debug v0.3.1
   Compiling ptr_meta_derive v0.3.1
   Compiling tinystr v0.8.3
   Compiling potential_utf v0.1.5
   Compiling icu_locale_core v2.2.0
   Compiling icu_collections v2.2.0
   Compiling bytes v1.12.1
   Compiling spki v0.7.3
   Compiling icu_provider v2.2.0
   Compiling pkcs8 v0.10.2
   Compiling icu_properties v2.2.0
   Compiling icu_normalizer v2.2.0
   Compiling sec1 v0.7.3
   Compiling elliptic-curve v0.13.8
   Compiling untrusted v0.9.0
   Compiling cpufeatures v0.3.0
   Compiling rfc6979 v0.4.0
   Compiling signature v2.2.0
   Compiling aead v0.5.2
   Compiling rustls-pki-types v1.15.1
   Compiling memoffset v0.9.1
   Compiling base64 v0.22.1
   Compiling itoa v1.0.18
   Compiling primeorder v0.13.6
   Compiling ecdsa v0.16.9
   Compiling chacha20 v0.10.1
   Compiling idna_adapter v1.2.2
   Compiling idna v1.1.0
   Compiling polyval v0.6.2
   Compiling ctr v0.9.2
   Compiling sha2 v0.10.9
   Compiling nix v0.31.3
   Compiling url v2.5.8
   Compiling cmake v0.1.58
   Compiling substring v1.4.5
   Compiling pkg-config v0.3.33
   Compiling fs_extra v1.3.0
   Compiling dunce v1.0.5
   Compiling ghash v0.5.1
   Compiling rand v0.10.2
   Compiling aws-lc-sys v0.43.0
   Compiling pem v3.0.6
   Compiling aes v0.8.4
   Compiling yasna v0.6.0
   Compiling tokio-macros v2.7.1
   Compiling pin-project-lite v0.2.17
   Compiling thiserror v1.0.69
   Compiling aes-gcm v0.10.3
   Compiling p256 v0.13.2
   Compiling thiserror-impl v1.0.69
   Compiling bytecheck_derive v0.8.2
   Compiling rcgen v0.14.9
   Compiling futures-core v0.3.34
   Compiling siphasher v1.0.3
   Compiling rtc-shared v0.20.2
   Compiling phf_shared v0.11.3
   Compiling rand v0.8.7
   Compiling aws-lc-rs v1.17.3
   Compiling heck v0.5.0
   Compiling httparse v1.10.1
   Compiling phf_generator v0.11.3
   Compiling munge_macro v0.4.7
   Compiling socket2 v0.6.5
   Compiling mio v1.2.2
   Compiling wasm-bindgen-shared v0.2.126
   Compiling parking_lot_core v0.9.12
   Compiling strsim v0.11.1
   Compiling ident_case v1.0.1
   Compiling fnv v1.0.7
   Compiling minimal-lexical v0.2.1
   Compiling tokio v1.53.1
   Compiling darling_core v0.20.11
   Compiling nom v7.1.3
   Compiling http v1.4.2
   Compiling include_dir_macros v0.7.4
   Compiling scopeguard v1.2.0
   Compiling anyhow v1.0.104
   Compiling semver v1.0.28
   Compiling byteorder v1.5.0
   Compiling rustc_version v0.4.1
   Compiling http-body v1.1.0
   Compiling lock_api v0.4.14
   Compiling include_dir v0.7.4
   Compiling rkyv_derive v0.8.17
   Compiling darling_macro v0.20.11
   Compiling futures-task v0.3.34
   Compiling rustversion v1.0.23
   Compiling rustls v0.23.42
   Compiling slab v0.4.12
   Compiling crossbeam-utils v0.8.22
   Compiling hashbrown v0.17.1
   Compiling futures-util v0.3.34
   Compiling darling v0.20.11
   Compiling ptr_meta v0.3.1
   Compiling tower-service v0.3.3
   Compiling serde_json v1.0.151
   Compiling equivalent v1.0.2
   Compiling try-lock v0.2.5
   Compiling indexmap v2.14.0
   Compiling want v0.3.1
   Compiling rancor v0.1.2
   Compiling derive_builder_core v0.20.2
   Compiling tracing-core v0.1.36
   Compiling futures-channel v0.3.34
   Compiling aho-corasick v1.1.4
   Compiling regex-syntax v0.8.11
   Compiling futures-sink v0.3.34
   Compiling rustix v1.1.4
   Compiling zerocopy v0.8.55
   Compiling getrandom v0.3.4
   Compiling simdutf8 v0.1.5
   Compiling atomic-waker v1.1.2
   Compiling bytecheck v0.8.2
   Compiling hyper v1.11.0
   Compiling derive_builder_macro v0.20.2
   Compiling tracing v0.1.44
   Compiling regex-automata v0.4.16
   Compiling phf_codegen v0.11.3
   Compiling strum_macros v0.28.0
   Compiling sync_wrapper v1.0.2
   Compiling futures-macro v0.3.34
   Compiling tower-layer v0.3.3
   Compiling openssl-probe v0.2.1
   Compiling linux-raw-sys v0.12.1
   Compiling utf8parse v0.2.2
   Compiling crc32fast v1.5.0
   Compiling ipnet v2.12.0
   Compiling bumpalo v3.20.3
   Compiling futures-io v0.3.34
   Compiling hyper-util v0.1.20
   Compiling wasm-bindgen-macro-support v0.2.126
   Compiling regex v1.13.1
   Compiling rustls-native-certs v0.8.4
   Compiling tower v0.5.3
   Compiling rend v0.5.4
   Compiling wasm-bindgen v0.2.126
   Compiling parking_lot v0.12.5
   Compiling munge v0.4.7
   Compiling num-integer v0.1.46
   Compiling new_debug_unreachable v1.0.6
   Compiling lazy_static v1.5.0
   Compiling adler2 v2.0.1
   Compiling simd-adler32 v0.3.10
   Compiling sansio v1.0.1
   Compiling miniz_oxide v0.8.9
   Compiling num-bigint v0.4.8
   Compiling rkyv v0.8.17
   Compiling wasm-bindgen-macro v0.2.126
   Compiling tower-http v0.6.11
   Compiling xattr v1.6.1
   Compiling filetime v0.2.29
   Compiling encoding_rs v0.8.35
   Compiling http-body-util v0.1.4
   Compiling rusticata-macros v4.1.0
   Compiling phf_macros v0.11.3
   Compiling csv-core v0.1.13
   Compiling asn1-rs-impl v0.2.0
   Compiling asn1-rs-derive v0.5.1
   Compiling ryu v1.0.23
   Compiling allocator-api2 v0.2.21
   Compiling crossbeam-epoch v0.9.20
   Compiling asn1-rs v0.6.2
   Compiling csv v1.4.0
   Compiling phf v0.11.3
   Compiling encoding_rs_io v0.1.7
   Compiling tar v0.4.46
   Compiling flate2 v1.1.9
   Compiling strum v0.28.0
   Compiling derive_builder v0.20.2
   Compiling curve25519-dalek v4.1.3
   Compiling crc32c v0.6.8
   Compiling string_cache_codegen v0.5.4
   Compiling memmap2 v0.9.11
   Compiling num_cpus v1.17.0
   Compiling precomputed-hash v0.1.1
   Compiling mac v0.1.1
   Compiling glob v0.3.4
   Compiling crc-catalog v2.5.0
   Compiling daachorse v2.1.1
   Compiling oid-registry v0.7.1
   Compiling either v1.17.0
   Compiling ucd-trie v0.1.7
   Compiling md5 v0.8.1
   Compiling crossbeam-deque v0.8.7
   Compiling pest v2.8.8
   Compiling crc v3.4.0
   Compiling futf v0.1.5
   Compiling markup5ever v0.14.1
   Compiling anstyle-parse v1.0.0
   Compiling rtc-rtp v0.20.2
   Compiling md-5 v0.10.6
   Compiling curve25519-dalek-derive v0.1.1
   Compiling hybrid-array v0.4.14
   Compiling data-encoding v2.11.1
   Compiling anstyle-query v1.1.5
   Compiling fastrand v2.5.0
   Compiling foldhash v0.1.5
   Compiling arrayvec v0.7.8
   Compiling cfg_aliases v0.1.1
   Compiling dtoa v1.0.11
   Compiling anstyle v1.0.14
   Compiling utf-8 v0.7.6
   Compiling rayon-core v1.13.0
   Compiling colorchoice v1.0.5
   Compiling parking v2.2.1
   Compiling is_terminal_polyfill v1.70.2
   Compiling event-listener v5.4.2
   Compiling anstream v1.0.0
   Compiling tendril v0.4.3
   Compiling dtoa-short v0.3.5
   Compiling nix v0.28.0
   Compiling hashbrown v0.15.5
   Compiling pest_meta v2.8.8
   Compiling rtc-stun v0.20.2
   Compiling js-sys v0.3.103
   Compiling string_cache v0.8.9
   Compiling der-parser v9.0.0
   Compiling ppv-lite86 v0.2.21
   Compiling rand_core v0.9.5
   Compiling selectors v0.26.0
   Compiling rtc-rtcp v0.20.2
   Compiling rustls-webpki v0.103.13
   Compiling poly1305 v0.8.0
   Compiling chacha20 v0.9.1
   Compiling sha1 v0.10.7
   Compiling cssparser-macros v0.6.1
   Compiling errno v0.3.14
   Compiling nom v8.0.0
   Compiling ahash v0.8.12
   Compiling fst v0.4.7
   Compiling clap_lex v1.1.0
   Compiling tinyvec_macros v0.1.1
   Compiling html-escape v0.2.14
   Compiling rustc-hash v2.1.3
   Compiling rtc-sctp v0.20.2
   Compiling lindera-dictionary v3.0.7
   Compiling tinyvec v1.12.0
   Compiling clap_builder v4.6.2
   Compiling signal-hook-registry v1.4.8
   Compiling cssparser v0.34.0
   Compiling chacha20poly1305 v0.10.1
   Compiling rand_chacha v0.9.0
   Compiling x509-parser v0.16.0
   Compiling x25519-dalek v2.0.1
   Compiling pest_generator v2.8.8
   Compiling event-listener-strategy v0.5.4
   Compiling crypto-common v0.2.2
   Compiling block-buffer v0.12.1
   Compiling rtc-mdns v0.20.2
   Compiling tree-sitter v0.25.10
   Compiling fxhash v0.2.1
   Compiling clap_derive v4.6.4
   Compiling p384 v0.13.1
   Compiling ccm v0.5.0
   Compiling cbc v0.1.2
   Compiling match_token v0.1.0
   Compiling derive_more v0.99.20
   Compiling rtc-interceptor-derive v0.20.2
   Compiling platform-num v0.8.0
   Compiling uuid v1.24.0
   Compiling tree-sitter-html v0.23.2
   Compiling tree-sitter-lua v0.2.0
   Compiling tree-sitter-yaml v0.7.2
   Compiling tree-sitter-ruby v0.23.1
   Compiling tree-sitter-ini v1.4.0
   Compiling tree-sitter-toml-ng v0.7.0
   Compiling tree-sitter-sequel v0.3.11
   Compiling tree-sitter-scala v0.25.1
   Compiling ts-parser-perl v1.2.1
   Compiling tree-sitter-python v0.25.0
   Compiling tree-sitter-typescript v0.23.2
   Compiling tree-sitter-php v0.24.2
   Compiling tree-sitter-javascript v0.25.0
   Compiling tree-sitter-c-sharp v0.23.5
   Compiling tree-sitter-cpp v0.23.4
   Compiling tree-sitter-r v1.3.0
   Compiling tree-sitter-java v0.23.5
   Compiling tree-sitter-json v0.24.8
   Compiling tree-sitter-swift v0.7.3
   Compiling tree-sitter-proto v0.4.0
   Compiling tree-sitter-go v0.25.0
   Compiling tree-sitter-kotlin-ng v1.1.0
   Compiling tree-sitter-vb-dotnet v0.1.0
   Compiling tree-sitter-c v0.24.2
   Compiling tree-sitter-graphql v0.1.0
   Compiling tree-sitter-xml v0.7.0
   Compiling tree-sitter-pascal v0.10.2
   Compiling tree-sitter-css v0.25.0
   Compiling tree-sitter-rust v0.24.2
   Compiling quinn-udp v0.6.1
   Compiling nix v0.29.0
   Compiling servo_arc v0.4.3
   Compiling vte_generate_state_changes v0.1.2
   Compiling const-oid v0.10.2
   Compiling rust_decimal v1.42.1
   Compiling dtor-proc-macro v0.0.5
   Compiling unicode-width v0.2.2
   Compiling bitflags v1.3.2
   Compiling unsafe-libyaml v0.2.11
   Compiling iana-time-zone v0.1.65
   Compiling hashbrown v0.14.5
   Compiling foldhash v0.2.0
   Compiling hashbrown v0.16.1
   Compiling getopts v0.2.24
   Compiling chrono v0.4.45
   Compiling dashmap v6.2.1
   Compiling serde_yaml_ng v0.10.0
   Compiling dtor v0.0.6
   Compiling kanaria v0.2.0
   Compiling vte v0.11.1
   Compiling digest v0.11.3
   Compiling rtc-ice v0.20.2
   Compiling clap v4.6.4
   Compiling rtc-interceptor v0.20.2
   Compiling html5ever v0.29.1
   Compiling tokio-rustls v0.26.4
   Compiling rustls-platform-verifier v0.7.0
   Compiling hyper-rustls v0.27.9
   Compiling rtc-dtls v0.20.2
   Compiling reqwest v0.13.4
   Compiling pest_derive v2.8.8
   Compiling rayon v1.12.0
   Compiling rand v0.9.5
   Compiling links-notation v0.13.0
   Compiling rtc-datachannel v0.20.2
   Compiling unicode-normalization v0.1.25
   Compiling parse-hyperlinks v0.23.4
   Compiling rtc-srtp v0.20.2
   Compiling rtc-turn v0.20.2
   Compiling hashlink v0.10.0
   Compiling lindera-jieba v3.0.7
   Compiling tempfile v3.27.0
   Compiling rtc-media v0.20.2
   Compiling itertools v0.14.0
   Compiling futures-executor v0.3.34
   Compiling concurrent-queue v2.5.0
   Compiling lingua-spanish-language-model v1.3.0
   Compiling lingua-urdu-language-model v1.3.0
   Compiling lingua-arabic-language-model v1.3.0
   Compiling lingua-french-language-model v1.3.0
   Compiling lingua-chinese-language-model v1.3.0
   Compiling lingua-russian-language-model v1.3.0
   Compiling lingua-hindi-language-model v1.3.0
   Compiling lingua-portuguese-language-model v1.3.0
   Compiling lingua-bengali-language-model v1.3.0
   Compiling lingua-english-language-model v1.3.0
   Compiling abnf-core v0.5.0
   Compiling strum_macros v0.27.2
   Compiling rtc-sdp v0.20.2
   Compiling filedescriptor v0.8.3
   Compiling counter v0.7.1
   Compiling async-trait v0.1.92
   Compiling serial2 v0.2.38
   Compiling allocator-api2 v0.4.0
   Compiling strum v0.27.2
   Compiling ego-tree v0.9.0
   Compiling unicode-width v0.1.14
   Compiling env_home v0.1.0
   Compiling downcast-rs v1.2.1
   Compiling shell-words v1.1.1
   Compiling unicase v2.9.0
   Compiling winnow v1.0.4
   Compiling ctor-proc-macro v0.0.6
   Compiling maplit v1.0.2
   Compiling beef v0.5.2
   Compiling streaming-iterator v0.1.9
   Compiling hex v0.4.3
   Compiling unicode-blocks v0.1.10
   Compiling unicode-segmentation v1.13.3
   Compiling rtc v0.20.2
   Compiling lingua v1.8.0
   Compiling platform-data v2.0.0
   Compiling ctor v0.4.3
   Compiling portable-pty v0.9.0
   Compiling toml_parser v1.1.2+spec-1.1.0
   Compiling platform-mem v0.3.0
   Compiling which v7.0.3
   Compiling vt100 v0.15.2
   Compiling scraper v0.21.0
   Compiling abnf v0.13.0
   Compiling async-channel v2.5.0
   Compiling futures v0.3.34
   Compiling json5_nodes v2.0.2
   Compiling ebnf v0.1.4
   Compiling bnf v0.6.0
   Compiling sha1 v0.11.0
   Compiling platform-trees v0.3.4
   Compiling async-broadcast v0.7.2
   Compiling wasm-bindgen-futures v0.4.76
   Compiling serde-wasm-bindgen v0.6.5
   Compiling web-sys v0.3.103
   Compiling whatlang v0.18.0
   Compiling console_error_panic_hook v0.1.7
   Compiling num-rational v0.4.2
   Compiling unicode-bidi v0.3.18
   Compiling dotenvy v0.15.7
   Compiling toml_writer v1.1.2+spec-1.1.0
   Compiling lino-env v0.1.0
   Compiling toml_datetime v1.1.1+spec-1.1.0
   Compiling leak_slice v0.2.0
   Compiling same-file v1.0.6
   Compiling formal-ai v0.342.0 (/tmp/gh-issue-solver-1786703450612)
   Compiling tap v1.0.1
   Compiling mutate_once v0.1.2
   Compiling walkdir v2.5.0
   Compiling lindera v3.0.7
   Compiling kamadak-exif v0.6.1
   Compiling doublets v0.4.0
   Compiling toml_edit v0.25.13+spec-1.1.0
   Compiling lino-arguments v0.3.0
   Compiling link-calculator v0.20.3
   Compiling meta-language v0.54.0
   Compiling tungstenite v0.30.0
   Compiling command-stream v0.15.0
   Compiling webrtc v0.20.2
   Compiling web-capture v0.3.36
   Compiling lino-objects-codec v0.2.1
   Compiling thread-priority v3.1.1
   Compiling web-search v0.5.0
   Compiling fs2 v0.4.3
   Compiling base64 v0.23.0
    Finished `release` profile [optimized] target(s) in 11m 43s
     Running `target/release/examples/issue_933_variation_probe`
