TAP version 13
# Subtest: artifact delivery header: original-effect
ok 1 - artifact delivery header: original-effect
  ---
  duration_ms: 56.687375
  ...
# Subtest: artifact delivery header: report-result-source-value
ok 2 - artifact delivery header: report-result-source-value
  ---
  duration_ms: 0.582958
  ...
# Subtest: artifact delivery header: report-result-symbol
ok 3 - artifact delivery header: report-result-symbol
  ---
  duration_ms: 0.385042
  ...
# Subtest: artifact delivery header: genuine-source-before
ok 4 - artifact delivery header: genuine-source-before
  ---
  duration_ms: 3.205125
  ...
# Subtest: artifact delivery header: genuine-source-after
ok 5 - artifact delivery header: genuine-source-after
  ---
  duration_ms: 0.792209
  ...
# Subtest: artifact delivery header: explicit-report-source-body
ok 6 - artifact delivery header: explicit-report-source-body
  ---
  duration_ms: 0.534
  ...
# Subtest: artifact delivery header: source-like-filename
ok 7 - artifact delivery header: source-like-filename
  ---
  duration_ms: 0.406292
  ...
# Subtest: artifact delivery header: spanish-postposed-source
ok 8 - artifact delivery header: spanish-postposed-source
  ---
  duration_ms: 0.605
  ...
# Subtest: artifact delivery header: russian-postposed-source
ok 9 - artifact delivery header: russian-postposed-source
  ---
  duration_ms: 0.837916
  ...
# Subtest: artifact delivery header: chinese-postposed-source
ok 10 - artifact delivery header: chinese-postposed-source
  ---
  duration_ms: 0.513584
  ...
# Subtest: artifact delivery header: hindi-source
ok 11 - artifact delivery header: hindi-source
  ---
  duration_ms: 0.438958
  ...
# Subtest: artifact delivery header: hindi-report
ok 12 - artifact delivery header: hindi-report
  ---
  duration_ms: 0.3835
  ...
# Subtest: artifact delivery header: spanish-payload
ok 13 - artifact delivery header: spanish-payload
  ---
  duration_ms: 0.32975
  ...
# Subtest: artifact delivery header: russian-payload
ok 14 - artifact delivery header: russian-payload
  ---
  duration_ms: 0.578875
  ...
# Subtest: artifact delivery header: chinese-payload
ok 15 - artifact delivery header: chinese-payload
  ---
  duration_ms: 0.326167
  ...
# Subtest: artifact delivery header: unicode-expanded-report
ok 16 - artifact delivery header: unicode-expanded-report
  ---
  duration_ms: 0.564042
  ...
# Subtest: artifact delivery header: unicode-shrunk-report
ok 17 - artifact delivery header: unicode-shrunk-report
  ---
  duration_ms: 0.4885
  ...
# Subtest: artifact delivery header: unicode-source
ok 18 - artifact delivery header: unicode-source
  ---
  duration_ms: 0.634375
  ...
# Subtest: artifact delivery header: unicode-filename
ok 19 - artifact delivery header: unicode-filename
  ---
  duration_ms: 0.56275
  ...
# Subtest: artifact delivery header: quoted-type
ok 20 - artifact delivery header: quoted-type
  ---
  duration_ms: 0.44725
  ...
# Subtest: artifact delivery header: quoted-call
ok 21 - artifact delivery header: quoted-call
  ---
  duration_ms: 0.335042
  ...
# Subtest: artifact delivery header: explicit-callable
ok 22 - artifact delivery header: explicit-callable
  ---
  duration_ms: 0.668625
  ...
# Subtest: artifact delivery header: non-delivery
ok 23 - artifact delivery header: non-delivery
  ---
  duration_ms: 0.181667
  ...
# Subtest: unchanged L21 persists both mandatory records in 8 turns
ok 24 - unchanged L21 persists both mandatory records in 8 turns
  ---
  duration_ms: 1316.406208
  ...
# Subtest: unchanged L21 persists both mandatory records in 16 turns
ok 25 - unchanged L21 persists both mandatory records in 16 turns
  ---
  duration_ms: 263.267292
  ...
# Subtest: fenced creation preserves source with task labels, command cues and paths
ok 26 - fenced creation preserves source with task labels, command cues and paths
  ---
  duration_ms: 832.641916
  ...
# Subtest: closed quoted whole-content consent replaces an existing source file
ok 27 - closed quoted whole-content consent replaces an existing source file
  ---
  duration_ms: 50.048917
  ...
# Subtest: a plain replacement stays an edit even when its new literal names a file write
ok 28 - a plain replacement stays an edit even when its new literal names a file write
  ---
  duration_ms: 35.586167
  ...
# Subtest: longer fences preserve payloads containing their own Markdown examples
ok 29 - longer fences preserve payloads containing their own Markdown examples
  ---
  duration_ms: 74.526125
  ...
# Subtest: literal verification reads failure narratives and compact JSON as authored data
ok 30 - literal verification reads failure narratives and compact JSON as authored data
  ---
  duration_ms: 71.306
  ...
# Subtest: explicit verification failure still vetoes exact literal output
ok 31 - explicit verification failure still vetoes exact literal output
  ---
  duration_ms: 1.197875
  ...
# Subtest: exact-content Set forms consume seed leads while preserving the declared literal bytes
ok 32 - exact-content Set forms consume seed leads while preserving the declared literal bytes
  ---
  duration_ms: 312.354584
  ...
# Subtest: seed-like words inside quoted payloads and ordinary leading prose remain content
ok 33 - seed-like words inside quoted payloads and ordinary leading prose remain content
  ---
  duration_ms: 158.043833
  ...
# Subtest: G125: quoted edit payloads with skill cues stay data
ok 34 - G125: quoted edit payloads with skill cues stay data
  ---
  duration_ms: 39.936625
  ...
# Subtest: G125: genuine unquoted skill teaching keeps its guard
ok 35 - G125: genuine unquoted skill teaching keeps its guard
  ---
  duration_ms: 1.024875
  ...
# Subtest: G125: a malformed quoted replacement changes nothing
ok 36 - G125: a malformed quoted replacement changes nothing
  ---
  duration_ms: 1.974458
  ...
# Subtest: unchanged T2379 writes and independently verifies both artifacts
ok 37 - unchanged T2379 writes and independently verifies both artifacts
  ---
  duration_ms: 972.788
  ...
# Subtest: quoted operation and teaching keywords remain literal in every obligation
ok 38 - quoted operation and teaching keywords remain literal in every obligation
  ---
  duration_ms: 194.765
  ...
# Subtest: a first-file receipt cannot certify a second file or its failed readback
ok 39 - a first-file receipt cannot certify a second file or its failed readback
  ---
  duration_ms: 30.5575
  ...
# Subtest: write-only delivery retains first target and reports verification unavailable
ok 40 - write-only delivery retains first target and reports verification unavailable
  ---
  duration_ms: 72.536959
  ...
# Subtest: read-only clients cannot mutate either literal target
ok 41 - read-only clients cannot mutate either literal target
  ---
  duration_ms: 419.449042
  ...
# Subtest: a successful artifact never hides an underivable mandatory clause
ok 42 - a successful artifact never hides an underivable mandatory clause
  ---
  duration_ms: 81.8385
  ...
# Subtest: all seeded enumeration surfaces inside literal operands remain payload
ok 43 - all seeded enumeration surfaces inside literal operands remain payload
  ---
  duration_ms: 7.803667
  ...
# Subtest: every seeded outer cue preserves two complete literals and exact UTF8 spans
ok 44 - every seeded outer cue preserves two complete literals and exact UTF8 spans
  ---
  duration_ms: 8.269959
  ...
# Subtest: closed twelve-character fence with internal instructions has one exact readback
ok 45 - closed twelve-character fence with internal instructions has one exact readback
  ---
  duration_ms: 44.641667
  ...
# Subtest: independent outer artifacts retain nested enumeration bytes and receipts
ok 46 - independent outer artifacts retain nested enumeration bytes and receipts
  ---
  duration_ms: 188.989625
  ...
# Subtest: the original repair instruction does not become destructive source contents
ok 47 - the original repair instruction does not become destructive source contents
  ---
  duration_ms: 448.38425
  ...
# Subtest: a later write does not license an earlier read with a content-like preposition
ok 48 - a later write does not license an earlier read with a content-like preposition
  ---
  duration_ms: 248.647541
  ...
# Subtest: payload write vocabulary cannot turn an explicit read into a whole-file write
ok 49 - payload write vocabulary cannot turn an explicit read into a whole-file write
  ---
  duration_ms: 0.624208
  ...
# Subtest: declarative creation and a real write action retain their original bytes
ok 50 - declarative creation and a real write action retain their original bytes
  ---
  duration_ms: 96.464334
  ...
# Subtest: a write-only client receives the actual target and a truthful auxiliary gap
ok 51 - a write-only client receives the actual target and a truthful auxiliary gap
  ---
  duration_ms: 13.236917
  ...
# Subtest: write-only target transport failure remains an actual failure
ok 52 - write-only target transport failure remains an actual failure
  ---
  duration_ms: 7.854833
  ...
# Subtest: closed punctuation operands retain their exact bytes
ok 53 - closed punctuation operands retain their exact bytes
  ---
  duration_ms: 4.591125
  ...
# Subtest: seeded explicit content qualifiers license unquoted punctuation
ok 54 - seeded explicit content qualifiers license unquoted punctuation
  ---
  duration_ms: 1.209917
  ...
# Subtest: empty or unclosed punctuation operands cannot authorize literal writes
ok 55 - empty or unclosed punctuation operands cannot authorize literal writes
  ---
  duration_ms: 2.234209
  ...
# Subtest: the unchanged native panic request is not a literal file operand
ok 56 - the unchanged native panic request is not a literal file operand
  ---
  duration_ms: 8.21075
  ...
# Subtest: each target owns only its local action, with original Unicode spans
ok 57 - each target owns only its local action, with original Unicode spans
  ---
  duration_ms: 10.749
  ...
# Subtest: earlier or quoted write cues cannot authorize a local read
ok 58 - earlier or quoted write cues cannot authorize a local read
  ---
  duration_ms: 1.13525
  ...
# Subtest: statement punctuation inside a closed payload remains exact data
ok 59 - statement punctuation inside a closed payload remains exact data
  ---
  duration_ms: 1.015708
  ...
1..59
# tests 59
# suites 0
# pass 59
# fail 0
# cancelled 0
# skipped 0
# todo 0
# duration_ms 2257.477667
