# the reference dialog
reasoning_standard_audit "reference_disk_space"
  record_type "reasoning_standard_audit"
  verdict "confirmed"
  gate "evidence_before_claim"
    order "1"
    trigger "world_claim_present"
    status "satisfied"
  gate "documentation_default"
    order "2"
    trigger "source_consultation_present"
    status "satisfied"
  gate "instruction_formalization"
    order "3"
    trigger "instruction_need_present"
    status "satisfied"
  gate "computed_source_trust"
    order "4"
    trigger "source_assessment_present"
    status "satisfied"
  gate "refutation_variety"
    order "5"
    trigger "conclusion_present"
    status "satisfied"
  gate "verify_after_act"
    order "6"
    trigger "mutating_action_present"
    status "satisfied"
  gate "honest_failure_report"
    order "7"
    trigger "action_failure_present"
    status "satisfied"

# the trivial request "hi"
reasoning_standard_audit "impulse_08ba5f07b55ec3da"
  record_type "reasoning_standard_audit"
  verdict "not_confirmed_not_refuted"
  gate "evidence_before_claim"
    order "1"
    trigger "world_claim_present"
    status "not_triggered"
  gate "documentation_default"
    order "2"
    trigger "source_consultation_present"
    status "not_triggered"
  gate "instruction_formalization"
    order "3"
    trigger "instruction_need_present"
    status "violated"
    finding "courtesy:no_instructions_gathered"
    finding "instruction_sources:0:required:2"
  gate "computed_source_trust"
    order "4"
    trigger "source_assessment_present"
    status "not_triggered"
  gate "refutation_variety"
    order "5"
    trigger "conclusion_present"
    status "not_triggered"
  gate "verify_after_act"
    order "6"
    trigger "mutating_action_present"
    status "not_triggered"
  gate "honest_failure_report"
    order "7"
    trigger "action_failure_present"
    status "not_triggered"
  blocker "instruction_formalization:courtesy:no_instructions_gathered"
  blocker "instruction_formalization:instruction_sources:0:required:2"
  blocker "impulse_08ba5f07b55ec3da:no_conclusion_recorded"

# every declared gate is reported for "hi": 7 of 7
