TAP version 13
# Subtest: Unicode comments and identifiers: lossless byte spans preserve the existing public tree
ok 1 - Unicode comments and identifiers: lossless byte spans preserve the existing public tree
  ---
  duration_ms: 1.223583
  ...
# Subtest: BOM preimage: lossless byte spans preserve the existing public tree
ok 2 - BOM preimage: lossless byte spans preserve the existing public tree
  ---
  duration_ms: 0.219208
  ...
# Subtest: nested template and comments: lossless byte spans preserve the existing public tree
ok 3 - nested template and comments: lossless byte spans preserve the existing public tree
  ---
  duration_ms: 0.75075
  ...
# Subtest: regex and escaped literal: lossless byte spans preserve the existing public tree
ok 4 - regex and escaped literal: lossless byte spans preserve the existing public tree
  ---
  duration_ms: 0.172875
  ...
# Subtest: malformed observed source retains the same exact tokenizer failure
ok 5 - malformed observed source retains the same exact tokenizer failure
  ---
  duration_ms: 0.193542
  ...
1..5
# tests 5
# suites 0
# pass 5
# fail 0
# cancelled 0
# skipped 0
# todo 0
# duration_ms 36.845125
