TAP version 13
# Subtest: a successful shell envelope advances the exact file obligation and preserves raw records
ok 1 - a successful shell envelope advances the exact file obligation and preserves raw records
  ---
  duration_ms: 1042.43675
  ...
# Subtest: bare successful readback remains supported
ok 2 - bare successful readback remains supported
  ---
  duration_ms: 22.751667
  ...
# Subtest: write acknowledgements and auxiliary commands do not certify file contents
ok 3 - write acknowledgements and auxiliary commands do not certify file contents
  ---
  duration_ms: 66.629416
  ...
# Subtest: mismatch, nonzero status and a later failed receipt cannot reuse an older success
ok 4 - mismatch, nonzero status and a later failed receipt cannot reuse an older success
  ---
  duration_ms: 35.961333
  ...
# Subtest: a different path sharing a filename suffix cannot fulfill the declared file
ok 5 - a different path sharing a filename suffix cannot fulfill the declared file
  ---
  duration_ms: 24.3185
  ...
# Subtest: the unchanged issue1099 request persists both artifacts through real shell receipts
ok 6 - the unchanged issue1099 request persists both artifacts through real shell receipts
  ---
  duration_ms: 847.74675
  ...
# Subtest: exact compact JSON and UTF8 payload bytes, including terminal newline, discharge only their file
ok 7 - exact compact JSON and UTF8 payload bytes, including terminal newline, discharge only their file
  ---
  duration_ms: 11.288375
  ...
# Subtest: generated source observes its exact target before any write
ok 8 - generated source observes its exact target before any write
  ---
  duration_ms: 1766.2625
  ...
# Subtest: existing and unreadable sources remain unchanged without explicit replacement
ok 9 - existing and unreadable sources remain unchanged without explicit replacement
  ---
  duration_ms: 16.150958
  ...
# Subtest: actual absence, empty bytes and exact desired preimage authorize source creation
ok 10 - actual absence, empty bytes and exact desired preimage authorize source creation
  ---
  duration_ms: 5.7715
  ...
# Subtest: unobserved read capability produces a typed gap without source mutation
ok 11 - unobserved read capability produces a typed gap without source mutation
  ---
  duration_ms: 1.126458
  ...
# Subtest: numbers inside identifiers never become requested Rust values
ok 12 - numbers inside identifiers never become requested Rust values
  ---
  duration_ms: 1.237125
  ...
# Subtest: digest normalization preserves Unicode and line-ending byte identities
ok 13 - digest normalization preserves Unicode and line-ending byte identities
  ---
  duration_ms: 827.042875
  ...
# Subtest: failed receipts cannot verify even when stdout contains the exact digest
ok 14 - failed receipts cannot verify even when stdout contains the exact digest
  ---
  duration_ms: 0.273875
  ...
# Subtest: grounded workspace edit verifies receipt payload, preserving actual failed status
ok 15 - grounded workspace edit verifies receipt payload, preserving actual failed status
  ---
  duration_ms: 266.604209
  ...
# Subtest: explicit successful receipts preserve exact JSON, Unicode, whitespace and authored error narratives
ok 16 - explicit successful receipts preserve exact JSON, Unicode, whitespace and authored error narratives
  ---
  duration_ms: 544.878208
  ...
# Subtest: matching bytes cannot erase missing status, failure status or typed harness errors
ok 17 - matching bytes cannot erase missing status, failure status or typed harness errors
  ---
  duration_ms: 0.826667
  ...
# Subtest: lookup binds exact command, nearest call identity and latest matching result
ok 18 - lookup binds exact command, nearest call identity and latest matching result
  ---
  duration_ms: 1.192375
  ...
# Subtest: whole rewrite without Edit accepts actual exact shell and typed JSON observations
ok 19 - whole rewrite without Edit accepts actual exact shell and typed JSON observations
  ---
  duration_ms: 538.11925
  ...
# Subtest: whole rewrite without Edit rejects failed matching observation even after correct physical write
ok 20 - whole rewrite without Edit rejects failed matching observation even after correct physical write
  ---
  duration_ms: 62.370458
  ...
# Subtest: whole rewrite without Edit ignores unrelated cat and obeys newest failed target receipt
ok 21 - whole rewrite without Edit ignores unrelated cat and obeys newest failed target receipt
  ---
  duration_ms: 22.274459
  ...
# Subtest: structured list insertion accepts actual exact shell and typed JSON observations
ok 22 - structured list insertion accepts actual exact shell and typed JSON observations
  ---
  duration_ms: 20.066583
  ...
# Subtest: structured list insertion rejects failed matching observation even after correct physical write
ok 23 - structured list insertion rejects failed matching observation even after correct physical write
  ---
  duration_ms: 24.071666
  ...
# Subtest: structured list insertion ignores unrelated cat and obeys newest failed target receipt
ok 24 - structured list insertion ignores unrelated cat and obeys newest failed target receipt
  ---
  duration_ms: 7.987125
  ...
# Subtest: generated source accepts actual exact shell and typed JSON observations
ok 25 - generated source accepts actual exact shell and typed JSON observations
  ---
  duration_ms: 18.446708
  ...
# Subtest: generated source rejects failed matching observation even after correct physical write
ok 26 - generated source rejects failed matching observation even after correct physical write
  ---
  duration_ms: 25.23925
  ...
# Subtest: generated source ignores unrelated cat and obeys newest failed target receipt
ok 27 - generated source ignores unrelated cat and obeys newest failed target receipt
  ---
  duration_ms: 9.258875
  ...
# Subtest: presentation or ambiguous transport cannot certify unobserved byte strings
ok 28 - presentation or ambiguous transport cannot certify unobserved byte strings
  ---
  duration_ms: 0.330958
  ...
1..28
# tests 28
# suites 0
# pass 28
# fail 0
# cancelled 0
# skipped 0
# todo 0
# duration_ms 2249.0965
