TAP version 13
# Subtest: fixture: source preimages remain exact
ok 1 - fixture: source preimages remain exact
  ---
  duration_ms: 0.842792
  ...
# Subtest: fixture: selector returns the chosen object without cloning or mutation
ok 2 - fixture: selector returns the chosen object without cloning or mutation
  ---
  duration_ms: 0.115166
  ...
# Subtest: fixture: summaries agree with independently stated strings
ok 3 - fixture: summaries agree with independently stated strings
  ---
  duration_ms: 0.074125
  ...
# Subtest: composition: selected index wins over highest score and first position
not ok 4 - composition: selected index wins over highest score and first position
  ---
  duration_ms: 3.611375
  location: '/private/tmp/formal-ai-only-1188/composition-fixtures/selected-summary.test.mjs:71:3'
  failureType: 'testCodeFailure'
  error: "Unexpected identifier 'should'"
  code: 'ERR_TEST_FAILURE'
  name: 'SyntaxError'
  stack: |-
    compileSourceTextModule (node:internal/modules/esm/utils:346:16)
    ModuleLoader.moduleStrategy (node:internal/modules/esm/translators:146:18)
    #translate (node:internal/modules/esm/loader:431:12)
    ModuleLoader.loadAndTranslate (node:internal/modules/esm/loader:478:27)
    async ModuleJob._link (node:internal/modules/esm/module_job:110:19)
  ...
# Subtest: composition: selected empty candidate is a string
not ok 5 - composition: selected empty candidate is a string
  ---
  duration_ms: 0.445834
  location: '/private/tmp/formal-ai-only-1188/composition-fixtures/selected-summary.test.mjs:71:3'
  failureType: 'testCodeFailure'
  error: "Unexpected identifier 'should'"
  code: 'ERR_TEST_FAILURE'
  name: 'SyntaxError'
  stack: |-
    compileSourceTextModule (node:internal/modules/esm/utils:346:16)
    ModuleLoader.moduleStrategy (node:internal/modules/esm/translators:146:18)
    #translate (node:internal/modules/esm/loader:431:12)
    ModuleLoader.loadAndTranslate (node:internal/modules/esm/loader:478:27)
    async ModuleJob._link (node:internal/modules/esm/module_job:110:19)
  ...
# Subtest: composition: slot order is preserved
not ok 6 - composition: slot order is preserved
  ---
  duration_ms: 0.062792
  location: '/private/tmp/formal-ai-only-1188/composition-fixtures/selected-summary.test.mjs:71:3'
  failureType: 'testCodeFailure'
  error: "Unexpected identifier 'should'"
  code: 'ERR_TEST_FAILURE'
  name: 'SyntaxError'
  stack: |-
    compileSourceTextModule (node:internal/modules/esm/utils:346:16)
    ModuleLoader.moduleStrategy (node:internal/modules/esm/translators:146:18)
    #translate (node:internal/modules/esm/loader:431:12)
    ModuleLoader.loadAndTranslate (node:internal/modules/esm/loader:478:27)
    async ModuleJob._link (node:internal/modules/esm/module_job:110:19)
  ...
# Subtest: composition: unresolved terms without slots are retained
not ok 7 - composition: unresolved terms without slots are retained
  ---
  duration_ms: 0.103958
  location: '/private/tmp/formal-ai-only-1188/composition-fixtures/selected-summary.test.mjs:71:3'
  failureType: 'testCodeFailure'
  error: "Unexpected identifier 'should'"
  code: 'ERR_TEST_FAILURE'
  name: 'SyntaxError'
  stack: |-
    compileSourceTextModule (node:internal/modules/esm/utils:346:16)
    ModuleLoader.moduleStrategy (node:internal/modules/esm/translators:146:18)
    #translate (node:internal/modules/esm/loader:431:12)
    ModuleLoader.loadAndTranslate (node:internal/modules/esm/loader:478:27)
    async ModuleJob._link (node:internal/modules/esm/module_job:110:19)
  ...
# Subtest: composition: clarification has no selected summary
not ok 8 - composition: clarification has no selected summary
  ---
  duration_ms: 0.060625
  location: '/private/tmp/formal-ai-only-1188/composition-fixtures/selected-summary.test.mjs:71:3'
  failureType: 'testCodeFailure'
  error: "Unexpected identifier 'should'"
  code: 'ERR_TEST_FAILURE'
  name: 'SyntaxError'
  stack: |-
    compileSourceTextModule (node:internal/modules/esm/utils:346:16)
    ModuleLoader.moduleStrategy (node:internal/modules/esm/translators:146:18)
    #translate (node:internal/modules/esm/loader:431:12)
    ModuleLoader.loadAndTranslate (node:internal/modules/esm/loader:478:27)
    async ModuleJob._link (node:internal/modules/esm/module_job:110:19)
  ...
# Subtest: composition: no-candidate decision is null
not ok 9 - composition: no-candidate decision is null
  ---
  duration_ms: 0.110708
  location: '/private/tmp/formal-ai-only-1188/composition-fixtures/selected-summary.test.mjs:71:3'
  failureType: 'testCodeFailure'
  error: "Unexpected identifier 'should'"
  code: 'ERR_TEST_FAILURE'
  name: 'SyntaxError'
  stack: |-
    compileSourceTextModule (node:internal/modules/esm/utils:346:16)
    ModuleLoader.moduleStrategy (node:internal/modules/esm/translators:146:18)
    #translate (node:internal/modules/esm/loader:431:12)
    ModuleLoader.loadAndTranslate (node:internal/modules/esm/loader:478:27)
    async ModuleJob._link (node:internal/modules/esm/module_job:110:19)
  ...
# Subtest: composition: out-of-range selected index is null
not ok 10 - composition: out-of-range selected index is null
  ---
  duration_ms: 0.114792
  location: '/private/tmp/formal-ai-only-1188/composition-fixtures/selected-summary.test.mjs:71:3'
  failureType: 'testCodeFailure'
  error: "Unexpected identifier 'should'"
  code: 'ERR_TEST_FAILURE'
  name: 'SyntaxError'
  stack: |-
    compileSourceTextModule (node:internal/modules/esm/utils:346:16)
    ModuleLoader.moduleStrategy (node:internal/modules/esm/translators:146:18)
    #translate (node:internal/modules/esm/loader:431:12)
    ModuleLoader.loadAndTranslate (node:internal/modules/esm/loader:478:27)
    async ModuleJob._link (node:internal/modules/esm/module_job:110:19)
  ...
1..10
# tests 10
# suites 0
# pass 3
# fail 7
# cancelled 0
# skipped 0
# todo 0
# duration_ms 45.022792
